// Jest Snapshot v1, https://goo.gl/fbAQLP

exports[`Title component should renders without crash 1`] = `
ShallowWrapper {
  Symbol(enzyme.__root__): [Circular],
  Symbol(enzyme.__unrendered__): <_default
    content="Work with coffee"
  />,
  Symbol(enzyme.__renderer__): Object {
    "batchedUpdates": [Function],
    "getNode": [Function],
    "render": [Function],
    "simulateError": [Function],
    "simulateEvent": [Function],
    "unmount": [Function],
  },
  Symbol(enzyme.__node__): Object {
    "instance": null,
    "key": undefined,
    "nodeType": "function",
    "props": Object {
      "children": Array [
        <div
          className="content"
        >
          Work with coffee
        </div>,
        undefined,
      ],
      "color": undefined,
    },
    "ref": null,
    "rendered": Array [
      Object {
        "instance": null,
        "key": undefined,
        "nodeType": "host",
        "props": Object {
          "children": "Work with coffee",
          "className": "content",
        },
        "ref": null,
        "rendered": "Work with coffee",
        "type": "div",
      },
      undefined,
    ],
    "type": Object {
      "$$typeof": Symbol(react.forward_ref),
      "__emotion_base": "div",
      "__emotion_forwardProp": undefined,
      "__emotion_real": [Circular],
      "__emotion_styles": Array [
        [Function],
      ],
      "defaultProps": undefined,
      "displayName": "Styled(div)",
      "propTypes": Object {
        "color": [Function],
        "content": [Function],
        "subtitle": [Function],
        "subtitleColor": [Function],
      },
      "render": [Function],
      "withComponent": [Function],
    },
  },
  Symbol(enzyme.__nodes__): Array [
    Object {
      "instance": null,
      "key": undefined,
      "nodeType": "function",
      "props": Object {
        "children": Array [
          <div
            className="content"
          >
            Work with coffee
          </div>,
          undefined,
        ],
        "color": undefined,
      },
      "ref": null,
      "rendered": Array [
        Object {
          "instance": null,
          "key": undefined,
          "nodeType": "host",
          "props": Object {
            "children": "Work with coffee",
            "className": "content",
          },
          "ref": null,
          "rendered": "Work with coffee",
          "type": "div",
        },
        undefined,
      ],
      "type": Object {
        "$$typeof": Symbol(react.forward_ref),
        "__emotion_base": "div",
        "__emotion_forwardProp": undefined,
        "__emotion_real": [Circular],
        "__emotion_styles": Array [
          [Function],
        ],
        "defaultProps": undefined,
        "displayName": "Styled(div)",
        "propTypes": Object {
          "color": [Function],
          "content": [Function],
          "subtitle": [Function],
          "subtitleColor": [Function],
        },
        "render": [Function],
        "withComponent": [Function],
      },
    },
  ],
  Symbol(enzyme.__options__): Object {
    "adapter": ReactSixteenAdapter {
      "options": Object {
        "enableComponentDidUpdateOnSetState": true,
        "lifecycles": Object {
          "componentDidUpdate": Object {
            "onSetState": true,
          },
          "getDerivedStateFromProps": true,
          "getSnapshotBeforeUpdate": true,
          "setState": Object {
            "skipsComponentDidUpdateOnNullish": true,
          },
        },
      },
    },
  },
}
`;
